
> caramelo-pdv@1.0.0 build
> vite build

node.exe : 2026-03-05T1
6:11:53.301Z 
vite:config config 
file loaded in 39.37ms
No linha:1 caractere:1
+ & "C:\Program 
Files\nodejs/node.exe" 
"C:\Program 
Files\nodejs/node_mo 
...
+ ~~~~~~~~~~~~~~~~~~~~~
~~~~~~~~~~~~~~~~~~~~~~~
~~~~~~~~~~~~~~~~~~~~~~~
~~
    + CategoryInfo     
         : NotSpecifi  
  ed: (2026-03-05T16   
 :1...aded in 39.37    
ms:String) [], Rem    
oteException
    + FullyQualifiedEr 
   rorId : NativeComm  
  andError
 
2026-03-05T16:11:53.303
Z vite:env loading env 
files: [
  'C:/Users/Luob/.gemin
i/antigravity/scratch/t
oro-pdv/.env',
  'C:/Users/Luob/.gemin
i/antigravity/scratch/t
oro-pdv/.env.local',
  'C:/Users/Luob/.gemin
i/antigravity/scratch/t
oro-pdv/.env.production
',
  'C:/Users/Luob/.gemin
i/antigravity/scratch/t
oro-pdv/.env.production
.local'
]
2026-03-05T16:11:53.303
Z vite:env env files 
loaded in 0.34ms
2026-03-05T16:11:53.303
Z vite:env using 
resolved env: {}
2026-03-05T16:11:53.329
Z vite:config using 
resolved config: {
  plugins: [
    
'vite:build-metadata',
    'vite:watch-package
-data',
    'alias',
    'vite:react-babel',
    
'vite:react-refresh',
    'vite-plugin-pwa',
    'vite:modulepreload
-polyfill',
    'vite:resolve',
    'vite:html-inline-p
roxy',
    'vite:css',
    'vite:esbuild',
    'vite:json',
    'vite:wasm-helper',
    'vite:worker',
    'vite:asset',
    'vite:react-virtual
-preamble',
    
'vite:wasm-fallback',
    'vite:define',
    'vite:css-post',
    'vite:build-html',
    'vite:worker-import
-meta-url',
    'vite:asset-import-
meta-url',
    'vite:force-amd-wra
p-require',
    'vite:force-systemj
s-wrap-complete',
    
'vite:prepare-out-dir',
    'commonjs',
    'vite:data-uri',
    'vite:rollup-option
s-plugins',
    'vite:dynamic-impor
t-vars',
    'vite:import-glob',
    
'vite-plugin-pwa:info',
    'vite-plugin-pwa:bu
ild',
    'vite-plugin-pwa:pw
a-assets',
    'vite:build-import-
analysis',
    'vite:esbuild-trans
pile',
    'vite:terser',
    'vite:license',
    'vite:manifest',
    
'vite:ssr-manifest',
    'vite:reporter',
    
'vite:load-fallback'
  ],
  server: {
    port: 5176,
    strictPort: true,
    host: undefined,
    allowedHosts: [],
    https: undefined,
    open: false,
    proxy: undefined,
    cors: {
      origin: /^https?:
\/\/(?:(?:[^:]+\.)?loca
lhost|127\.0\.0\.1|\[::
1\])(?::\d+)?$/
    },
    headers: {},
    warmup: { 
clientFiles: [], 
ssrFiles: [] },
    middlewareMode: 
false,
    fs: {
      strict: true,
      deny: [ '.env', 
'.env.*', 
'*.{crt,pem}', 
'**/.git/**' ],
      allow: [ 'C:/User
s/Luob/.gemini/antigrav
ity/scratch/toro-pdv' ]
    },
    
preTransformRequests: 
true,
    perEnvironmentStart
EndDuringDev: false,
    perEnvironmentWatch
ChangeDuringDev: false,
    
sourcemapIgnoreList: 
[Function: 
isInNodeModules]
  },
  css: {
    transformer: 
'postcss',
    preprocessorMaxWork
ers: true,
    devSourcemap: 
false,
    postcss: 
'./postcss.config.js'
  },
  build: {
    target: [ 
'chrome107', 
'edge107', 
'firefox104', 
'safari16' ],
    
polyfillModulePreload: 
true,
    modulePreload: { 
polyfill: true },
    outDir: 'dist',
    assetsDir: 
'assets',
    assetsInlineLimit: 
4096,
    sourcemap: false,
    terserOptions: {},
    rollupOptions: { 
onwarn: [Function: 
onwarn] },
    commonjsOptions: { 
include: [ 
/node_modules/ ], 
extensions: [ '.js', 
'.cjs' ] },
    dynamicImportVarsOp
tions: { warnOnError: 
true, exclude: [ 
/node_modules/ ] },
    write: true,
    emptyOutDir: null,
    copyPublicDir: 
true,
    license: false,
    manifest: false,
    lib: false,
    ssrManifest: false,
    ssrEmitAssets: 
false,
    
reportCompressedSize: 
true,
    
chunkSizeWarningLimit: 
500,
    watch: null,
    cssCodeSplit: true,
    minify: 'esbuild',
    ssr: false,
    emitAssets: true,
    createEnvironment: 
[Function: 
createEnvironment],
    cssTarget: [ 
'chrome107', 
'edge107', 
'firefox104', 
'safari16' ],
    cssMinify: true
  },
  esbuild: {
    jsxDev: false,
    charset: 'utf8',
    legalComments: 
'none',
    jsx: 'automatic',
    jsxImportSource: 
undefined
  },
  optimizeDeps: {
    include: [
      'react',
      'react-dom',
      'react/jsx-dev-ru
ntime',
      
'react/jsx-runtime'
    ],
    exclude: [],
    needsInterop: [],
    extensions: [],
    disabled: 
undefined,
    holdUntilCrawlEnd: 
true,
    force: false,
    ignoreOutdatedReque
sts: false,
    noDiscovery: false,
    esbuildOptions: { 
preserveSymlinks: 
false, jsx: 
'automatic' }
  },
  ssr: {
    target: 'node',
    optimizeDeps: {
      esbuildOptions: 
{ preserveSymlinks: 
false },
      include: [],
      exclude: [],
      needsInterop: [],
      extensions: [],
      
holdUntilCrawlEnd: 
true,
      force: false,
      ignoreOutdatedReq
uests: false,
      noDiscovery: true
    },
    noExternal: [ 
'workbox-window' ],
    external: [],
    resolve: {
      conditions: [ 
'module', 'node', 'deve
lopment|production' ],
      
externalConditions: [ 
'node', 'module-sync' ]
    }
  },
  environments: {
    client: {
      define: 
undefined,
      resolve: {
        
externalConditions: [ 
'node', 'module-sync' 
],
        extensions: [
          '.mjs',  
'.js',
          '.mts',  
'.ts',
          '.jsx',  
'.tsx',
          '.json'
        ],
        dedupe: [],
        noExternal: [],
        external: [],
        
preserveSymlinks: 
false,
        alias: [
          {
            find: 
/^\/?@vite\/env/,
            
replacement: '/@fs/C:/U
sers/Luob/.gemini/antig
ravity/scratch/toro-pdv
/node_modules/vite/dist
/client/env.mjs'
          },
          {
            find: 
/^\/?@vite\/client/,
            
replacement: '/@fs/C:/U
sers/Luob/.gemini/antig
ravity/scratch/toro-pdv
/node_modules/vite/dist
/client/client.mjs'
          }
        ],
        mainFields: [ 
'browser', 'module', 
'jsnext:main', 
'jsnext' ],
        conditions: [ 
'module', 'browser', 'd
evelopment|production' 
],
        builtins: []
      },
      keepProcessEnv: 
false,
      consumer: 
'client',
      optimizeDeps: {
        include: [
          'react',
          'react-dom',
          'react/jsx-de
v-runtime',
          
'react/jsx-runtime'
        ],
        exclude: [],
        needsInterop: 
[],
        extensions: [],
        disabled: 
undefined,
        
holdUntilCrawlEnd: 
true,
        force: false,
        ignoreOutdatedR
equests: false,
        noDiscovery: 
false,
        
esbuildOptions: { 
preserveSymlinks: 
false, jsx: 
'automatic' }
      },
      dev: {
        warmup: [],
        sourcemap: { 
js: true },
        
sourcemapIgnoreList: 
[Function: 
isInNodeModules],
        
preTransformRequests: 
true,
        
createEnvironment: 
[Function: defaultCreat
eClientDevEnvironment],
        recoverable: 
true,
        
moduleRunnerTransform: 
false
      },
      build: {
        target: [ 
'chrome107', 
'edge107', 
'firefox104', 
'safari16' ],
        
polyfillModulePreload: 
true,
        modulePreload: 
{ polyfill: true },
        outDir: 'dist',
        assetsDir: 
'assets',
        
assetsInlineLimit: 
4096,
        sourcemap: 
false,
        terserOptions: 
{},
        rollupOptions: 
{ onwarn: [Function: 
onwarn] },
        
commonjsOptions: { 
include: [ 
/node_modules/ ], 
extensions: [ '.js', 
'.cjs' ] },
        dynamicImportVa
rsOptions: { 
warnOnError: true, 
exclude: [ 
/node_modules/ ] },
        write: true,
        emptyOutDir: 
null,
        copyPublicDir: 
true,
        license: false,
        manifest: 
false,
        lib: false,
        ssrManifest: 
false,
        ssrEmitAssets: 
false,
        
reportCompressedSize: 
true,
        
chunkSizeWarningLimit: 
500,
        watch: null,
        cssCodeSplit: 
true,
        minify: 
'esbuild',
        ssr: false,
        emitAssets: 
true,
        
createEnvironment: 
[Function: 
createEnvironment],
        cssTarget: [ 
'chrome107', 
'edge107', 
'firefox104', 
'safari16' ],
        cssMinify: true
      },
      plugins: [
        {
          name: 
'vite:build-metadata',
          renderChunk: 
[AsyncFunction: 
renderChunk]
        },
        {
          name: 'vite:w
atch-package-data',
          buildStart: 
[Function: buildStart],
          buildEnd: 
[Function: buildEnd],
          watchChange: 
[Function: watchChange]
        },
        {
          name: 
'alias',
          buildStart: 
[AsyncFunction: 
buildStart],
          resolveId: 
[Function: resolveId]
        },
        {
          name: 
'vite:react-babel',
          enforce: 
'pre',
          config: 
[Function: config],
          
configResolved: 
[Function: 
configResolved],
          options: 
[Function: options]
        },
        {
          name: 
'vite:react-refresh',
          enforce: 
'pre',
          config: 
[Function: config],
          resolveId: {
            filter: { 
id: 
/^\/@react\-refresh$/ 
},
            handler: 
[Function: handler]
          },
          load: {
            filter: { 
id: 
/^\/@react\-refresh$/ 
},
            handler: 
[Function: handler]
          },
          
transformIndexHtml: 
[Function: 
transformIndexHtml]
        },
        {
          name: 
'vite-plugin-pwa',
          enforce: 
'pre',
          config: 
[Function: config],
          
configResolved: 
[AsyncFunction: 
configResolved],
          resolveId: {
            filter: { 
id: /^virtual:pwa\-regi
ster/ },
            handler: 
[Function: handler]
          },
          load: {
            filter: { 
id: /^\/@vite\-plugin\-
pwa\// },
            handler: 
[Function: handler]
          },
          api: {
            disabled: 
[Getter],
            
pwaInDevEnvironment: 
[Getter],
            
webManifestData: 
[Function: 
webManifestData],
            
registerSWData: 
[Function: 
registerSWData],
            
generateBundle: 
[Function: 
generateBundle],
            
generateSW: 
[AsyncFunction: 
generateSW],
            
extendManifestEntries: 
[Function: 
extendManifestEntries],
            
pwaAssetsGenerator: 
[Function: 
pwaAssetsGenerator]
          }
        },
        {
          name: 'vite:m
odulepreload-polyfill',
          resolveId: {
            filter: { 
id: /^vite\/moduleprelo
ad\-polyfill$/ },
            handler: 
[Function: handler]
          },
          load: {
            filter: { 
id: /^ vite\/moduleprel
oad\-polyfill\.js$/ },
            handler: 
[Function: handler]
          }
        },
        {
          name: 
'vite:resolve',
          resolveId: {
            filter: { 
id: { exclude: 
/^(?:\0|\/?virtual:)/ 
} },
            handler: 
[AsyncFunction: 
handler]
          },
          load: {
            filter: {
              id: [
                /^__vit
e\-browser\-external/,
                /^__vit
e\-optional\-peer\-dep/
              ]
            },
            handler: 
[Function: handler]
          }
        },
        {
          name: 'vite:h
tml-inline-proxy',
          resolveId: {
            filter: { 
id: /[?&]html-proxy\b/ 
},
            handler: 
[Function: handler]
          },
          load: {
            filter: { 
id: /[?&]html-proxy\b/ 
},
            handler: 
[Function: handler]
          }
        },
        {
          name: 
'vite:css',
          buildStart: 
[Function: buildStart],
          buildEnd: 
[Function: buildEnd],
          load: {
            filter: {
              id: /\.(c
ss|less|sass|scss|styl|
stylus|pcss|postcss|sss
)(?:$|\?)/
            },
            handler: 
[AsyncFunction: 
handler]
          },
          transform: {
            filter: {
              id: {
                
include: /\.(css|less|s
ass|scss|styl|stylus|pc
ss|postcss|sss)(?:$|\?)
/,
                
exclude: [
                  
/[?&]commonjs-proxy/,
                  /[?&]
(?:worker|sharedworker|
raw|url)\b/
                ]
              }
            },
            handler: 
[AsyncFunction: 
handler]
          }
        },
        {
          name: 
'vite:esbuild',
          
configureServer: 
[Function: 
configureServer],
          transform: 
[AsyncFunction: 
transform]
        },
        {
          name: 
'vite:json',
          transform: {
            filter: {
              id: {
                
include: /\.json(?:$|\?
)(?!commonjs-(?:proxy|e
xternal))/,
                
exclude: /[?&](?:worker
|sharedworker|raw|url)\
b/
              }
            },
            handler: 
[Function: handler]
          }
        },
        {
          name: 
'vite:wasm-helper',
          resolveId: {
            filter: { 
id: /^ vite\/wasm\-help
er\.js$/ },
            handler: 
[Function: handler]
          },
          load: {
            filter: {
              id: [
                /^ vite
\/wasm\-helper\.js$/,
                /(?<![?
#].*)\.wasm\?init/
              ]
            },
            handler: 
[AsyncFunction: 
handler]
          }
        },
        {
          name: 
'vite:worker',
          buildStart: 
[Function: buildStart],
          load: {
            filter: { 
id: /(?:\?|&)(worker|sh
aredworker)(?:&|$)/ },
            handler: 
[AsyncFunction: 
handler]
          },
          transform: {
            filter: { 
id: /(?:\?|&)worker_fil
e&type=(\w+)(?:&|$)/ },
            handler: 
[AsyncFunction: 
handler]
          },
          renderChunk: 
[Function: 
renderChunk],
          
generateBundle: 
[Function: 
generateBundle],
          watchChange: 
[Function: watchChange]
        },
        {
          name: 
'vite:asset',
          perEnvironmen
tStartEndDuringDev: 
true,
          buildStart: 
[Function: buildStart],
          resolveId: { 
handler: [Function: 
handler] },
          load: {
            filter: { 
id: { exclude: /^\0/ } 
},
            handler: 
[AsyncFunction: 
handler]
          },
          renderChunk: 
[Function: 
renderChunk],
          
generateBundle: 
[Function: 
generateBundle]
        },
        {
          name: 'vite:r
eact-virtual-preamble',
          resolveId: {
            order: 
'pre',
            filter: { 
id: /^@vitejs\/plugin\-
react\/preamble$/ },
            handler: 
[Function: handler]
          },
          load: {
            filter: { 
id: /^ @vitejs\/plugin\
-react\/preamble$/ },
            handler: 
[Function: handler]
          }
        },
        {
          name: 
'vite:wasm-fallback',
          load: { 
filter: { id: 
/\.wasm$/ }, handler: 
[Function: handler] }
        },
        {
          name: 
'vite:define',
          transform: { 
handler: 
[AsyncFunction: 
handler] }
        },
        {
          name: 
'vite:css-post',
          renderStart: 
[Function: 
renderStart],
          transform: {
            filter: {
              id: {
                
include: /\.(css|less|s
ass|scss|styl|stylus|pc
ss|postcss|sss)(?:$|\?)
/,
                
exclude: [
                  
/[?&]commonjs-proxy/,
                  /[?&]
(?:worker|sharedworker|
raw|url)\b/
                ]
              }
            },
            handler: 
[AsyncFunction: 
handler]
          },
          renderChunk: 
[AsyncFunction: 
renderChunk],
          
augmentChunkHash: 
[Function: 
augmentChunkHash],
          
generateBundle: 
[AsyncFunction: 
generateBundle]
        },
        {
          name: 
'vite:build-html',
          transform: {
            filter: { 
id: /\.html$/ },
            handler: 
[AsyncFunction: 
handler]
          },
          
generateBundle: 
[AsyncFunction: 
generateBundle]
        },
        {
          name: 'vite:w
orker-import-meta-url',
          
applyToEnvironment: 
[Function: 
applyToEnvironment],
          transform: {
            filter: {
              code: /ne
w\s+(?:Worker|SharedWor
ker)\s*\(\s*new\s+URL.+
?import\.meta\.url/s
            },
            handler: 
[AsyncFunction: 
handler]
          }
        },
        {
          name: 'vite:a
sset-import-meta-url',
          
applyToEnvironment: 
[Function: 
applyToEnvironment],
          transform: {
            filter: {
              id: {
                
exclude: [
                  /^ vi
te\/preload\-helper\.js
$/,
                  /^C:\
\Users\\Luob\\\.gemini\
\antigravity\\scratch\\
toro\-pdv\\node_modules
\\vite\\dist\\client\\c
lient\.mjs$/
                ]
              },
              code: /ne
w\s+URL.+import\.meta\.
url/s
            },
            handler: 
[AsyncFunction: 
handler]
          }
        },
        {
          name: 'vite:f
orce-amd-wrap-require',
          renderChunk: 
[Function: renderChunk]
        },
        {
          name: 'vite:f
orce-systemjs-wrap-comp
lete',
          renderChunk: 
[Function: renderChunk]
        },
        {
          name: 
'vite:prepare-out-dir',
          options: 
[Function: options],
          renderStart: 
{ order: 'pre', 
handler: [Function: 
handler] }
        },
        {
          name: 
'commonjs',
          version: 
'29.0.0',
          options: 
[Function: options],
          buildStart: 
[Function: buildStart],
          buildEnd: 
[Function: buildEnd],
          load: 
[AsyncFunction: load],
          shouldTransfo
rmCachedModule: 
[Function: shouldTransf
ormCachedModule],
          transform: 
[Function: transform]
        },
        {
          name: 
'vite:data-uri',
          buildStart: 
[Function: buildStart],
          resolveId: 
[Function: resolveId],
          load: 
[Function: load]
        },
        {
          name: 'vite:d
ynamic-import-vars',
          resolveId: {
            filter: { 
id: /^ vite\/dynamic\-i
mport\-helper\.js$/ },
            handler: 
[Function: handler]
          },
          load: {
            filter: { 
id: /^ vite\/dynamic\-i
mport\-helper\.js$/ },
            handler: 
[Function: handler]
          },
          transform: {
            filter: {
              id: {
                
exclude: /^C:\\Users\\L
uob\\\.gemini\\antigrav
ity\\scratch\\toro\-pdv
\\node_modules\\vite\\d
ist\\client\\client\.mj
s$/
              },
              code: 
/\bimport\s*[(/]/
            },
            handler: 
[AsyncFunction: 
handler]
          }
        },
        {
          name: 
'vite:import-glob',
          buildStart: 
[Function: buildStart],
          transform: {
            filter: { 
code: 
'import.meta.glob' },
            handler: 
[AsyncFunction: 
handler]
          },
          hotUpdate: 
[Function: hotUpdate]
        },
        {
          name: 
'vite-plugin-pwa:info',
          enforce: 
'post',
          resolveId: {
            filter: { 
id: 
/^virtual:pwa\-info$/ 
},
            handler: 
[Function: handler]
          },
          load: {
            filter: { 
id: 
/^ virtual:pwa\-info$/ 
},
            handler: 
[Function: handler]
          }
        },
        {
          name: 'vite-p
lugin-pwa:build',
          enforce: 
'post',
          apply: 
'build',
          
transformIndexHtml: {
            order: 
'post',
            handler: 
[Function: handler],
            enforce: 
'post',
            transform: 
[Function: transform]
          },
          
generateBundle: 
[AsyncFunction: 
generateBundle],
          closeBundle: 
{
            
sequential: true,
            order: 
undefined,
            handler: 
[AsyncFunction: 
handler]
          },
          buildEnd: 
[AsyncFunction: 
buildEnd]
        },
        {
          name: 'vite-p
lugin-pwa:pwa-assets',
          enforce: 
'post',
          
transformIndexHtml: {
            order: 
'post',
            handler: 
[AsyncFunction: 
handler],
            enforce: 
'post',
            transform: 
[AsyncFunction: 
transform]
          },
          resolveId: {
            filter: {
              id: [
                /^virtu
al:pwa\-assets\/head$/,
                /^virtu
al:pwa\-assets\/icons$/
              ]
            },
            handler: 
[Function: handler]
          },
          load: {
            filter: {
              id: [
                /^ virt
ual:pwa\-assets\/head$/
,
                /^ virt
ual:pwa\-assets\/icons$
/
              ]
            },
            handler: 
[AsyncFunction: 
handler]
          },
          
handleHotUpdate: 
[AsyncFunction: 
handleHotUpdate],
          
configureServer: 
[Function: 
configureServer]
        },
        {
          name: 'vite:b
uild-import-analysis',
          resolveId: {
            filter: { 
id: /^ vite\/preload\-h
elper\.js$/ },
            handler: 
[Function: handler]
          },
          load: {
            filter: { 
id: /^ vite\/preload\-h
elper\.js$/ },
            handler: 
[Function: handler]
          },
          transform: {
            filter: { 
code: /import\s*\(/ },
            handler: 
[AsyncFunction: 
handler]
          },
          renderChunk: 
[Function: 
renderChunk],
          
generateBundle: 
[Function: 
generateBundle]
        },
        {
          name: 'vite:e
sbuild-transpile',
          
applyToEnvironment: 
[Function: 
applyToEnvironment],
          renderChunk: 
[AsyncFunction: 
renderChunk]
        },
        {
          name: 
'vite:terser',
          
applyToEnvironment: 
[Function: 
applyToEnvironment],
          renderChunk: 
[AsyncFunction: 
renderChunk],
          closeBundle: 
[Function: closeBundle]
        },
        {
          name: 
'vite:license',
          
generateBundle: 
[AsyncFunction: 
generateBundle]
        },
        {
          name: 
'vite:reporter',
          
sharedDuringBuild: 
true,
          perEnvironmen
tStartEndDuringDev: 
true,
          transform: 
[Function: transform],
          buildStart: 
[Function: buildStart],
          buildEnd: 
[Function: buildEnd],
          renderStart: 
[Function: 
renderStart],
          renderChunk: 
[Function: 
renderChunk],
          
generateBundle: 
[Function: 
generateBundle],
          writeBundle: 
[AsyncFunction: 
writeBundle]
        },
        {
          name: 
'vite:load-fallback',
          load: { 
handler: 
[AsyncFunction: 
handler] }
        }
      ]
    },
    ssr: {
      define: 
undefined,
      resolve: {
        
externalConditions: [ 
'node', 'module-sync' 
],
        extensions: [
          '.mjs',  
'.js',
          '.mts',  
'.ts',
          '.jsx',  
'.tsx',
          '.json'
        ],
        dedupe: [],
        noExternal: [ 
'workbox-window' ],
        external: [],
        
preserveSymlinks: 
false,
        alias: [
          {
            find: 
/^\/?@vite\/env/,
            
replacement: '/@fs/C:/U
sers/Luob/.gemini/antig
ravity/scratch/toro-pdv
/node_modules/vite/dist
/client/env.mjs'
          },
          {
            find: 
/^\/?@vite\/client/,
            
replacement: '/@fs/C:/U
sers/Luob/.gemini/antig
ravity/scratch/toro-pdv
/node_modules/vite/dist
/client/client.mjs'
          }
        ],
        mainFields: [ 
'module', 
'jsnext:main', 
'jsnext' ],
        conditions: [ 
'module', 'node', 'deve
lopment|production' ],
        builtins: [
          
'_http_agent',         
'_http_client',        
'_http_common',
          
'_http_incoming',      
'_http_outgoing',      
'_http_server',
          
'_stream_duplex',      
'_stream_passthrough', 
'_stream_readable',
          
'_stream_transform',   
'_stream_wrap',        
'_stream_writable',
          
'_tls_common',         
'_tls_wrap',           
'assert',
          
'assert/strict',       
'async_hooks',         
'buffer',
          
'child_process',       
'cluster',             
'console',
          'constants', 
          'crypto',    
          'dgram',
          
'diagnostics_channel', 
'dns',                 
'dns/promises',
          'domain',    
          'events',    
          'fs',
          
'fs/promises',         
'http',                
'http2',
          'https',     
          'inspector', 
          
'inspector/promises',
          'module',    
          'net',       
          'os',
          'path',      
          
'path/posix',          
'path/win32',
          
'perf_hooks',          
'process',             
'punycode',
          
'querystring',         
'readline',            
'readline/promises',
          'repl',      
          'stream',    
          
'stream/consumers',
          
'stream/promises',     
'stream/web',          
'string_decoder',
          'sys',       
          'timers',    
          
'timers/promises',
          'tls',       
          
'trace_events',        
'tty',
          'url',       
          'util',      
          'util/types',
          'v8',        
          'vm',        
          'wasi',
          
'worker_threads',      
'zlib',                
/^node:/,
          /^bun:/
        ]
      },
      keepProcessEnv: 
true,
      consumer: 
'server',
      optimizeDeps: {
        include: [],
        exclude: [],
        needsInterop: 
[],
        extensions: [],
        disabled: 
undefined,
        
holdUntilCrawlEnd: 
true,
        force: false,
        ignoreOutdatedR
equests: false,
        noDiscovery: 
true,
        
esbuildOptions: { 
preserveSymlinks: 
false }
      },
      dev: {
        warmup: [],
        sourcemap: { 
js: true },
        
sourcemapIgnoreList: 
[Function: 
isInNodeModules],
        
preTransformRequests: 
false,
        
createEnvironment: 
[Function: defaultCreat
eDevEnvironment],
        recoverable: 
false,
        
moduleRunnerTransform: 
true
      },
      build: {
        target: [ 
'chrome107', 
'edge107', 
'firefox104', 
'safari16' ],
        
polyfillModulePreload: 
true,
        modulePreload: 
{ polyfill: true },
        outDir: 'dist',
        assetsDir: 
'assets',
        
assetsInlineLimit: 
4096,
        sourcemap: 
false,
        terserOptions: 
{},
        rollupOptions: 
{ onwarn: [Function: 
onwarn] },
        
commonjsOptions: { 
include: [ 
/node_modules/ ], 
extensions: [ '.js', 
'.cjs' ] },
        dynamicImportVa
rsOptions: { 
warnOnError: true, 
exclude: [ 
/node_modules/ ] },
        write: true,
        emptyOutDir: 
null,
        copyPublicDir: 
true,
        license: false,
        manifest: 
false,
        lib: false,
        ssrManifest: 
false,
        ssrEmitAssets: 
false,
        
reportCompressedSize: 
true,
        
chunkSizeWarningLimit: 
500,
        watch: null,
        cssCodeSplit: 
true,
        minify: false,
        ssr: true,
        emitAssets: 
true,
        
createEnvironment: 
[Function: 
createEnvironment],
        cssTarget: [ 
'chrome107', 
'edge107', 
'firefox104', 
'safari16' ],
        cssMinify: 
'esbuild'
      },
      plugins: [
        {
          name: 
'vite:build-metadata',
          renderChunk: 
[AsyncFunction: 
renderChunk]
        },
        {
          name: 'vite:w
atch-package-data',
          buildStart: 
[Function: buildStart],
          buildEnd: 
[Function: buildEnd],
          watchChange: 
[Function: watchChange]
        },
        {
          name: 
'alias',
          buildStart: 
[AsyncFunction: 
buildStart],
          resolveId: 
[Function: resolveId]
        },
        {
          name: 
'vite:react-babel',
          enforce: 
'pre',
          config: 
[Function: config],
          
configResolved: 
[Function: 
configResolved],
          options: 
[Function: options]
        },
        {
          name: 
'vite:react-refresh',
          enforce: 
'pre',
          config: 
[Function: config],
          resolveId: {
            filter: { 
id: 
/^\/@react\-refresh$/ 
},
            handler: 
[Function: handler]
          },
          load: {
            filter: { 
id: 
/^\/@react\-refresh$/ 
},
            handler: 
[Function: handler]
          },
          
transformIndexHtml: 
[Function: 
transformIndexHtml]
        },
        {
          name: 
'vite-plugin-pwa',
          enforce: 
'pre',
          config: 
[Function: config],
          
configResolved: 
[AsyncFunction: 
configResolved],
          resolveId: {
            filter: { 
id: /^virtual:pwa\-regi
ster/ },
            handler: 
[Function: handler]
          },
          load: {
            filter: { 
id: /^\/@vite\-plugin\-
pwa\// },
            handler: 
[Function: handler]
          },
          api: {
            disabled: 
[Getter],
            
pwaInDevEnvironment: 
[Getter],
            
webManifestData: 
[Function: 
webManifestData],
            
registerSWData: 
[Function: 
registerSWData],
            
generateBundle: 
[Function: 
generateBundle],
            
generateSW: 
[AsyncFunction: 
generateSW],
            
extendManifestEntries: 
[Function: 
extendManifestEntries],
            
pwaAssetsGenerator: 
[Function: 
pwaAssetsGenerator]
          }
        },
        {
          name: 'vite:m
odulepreload-polyfill',
          resolveId: {
            filter: { 
id: /^vite\/moduleprelo
ad\-polyfill$/ },
            handler: 
[Function: handler]
          },
          load: {
            filter: { 
id: /^ vite\/moduleprel
oad\-polyfill\.js$/ },
            handler: 
[Function: handler]
          }
        },
        {
          name: 
'vite:resolve',
          resolveId: {
            filter: { 
id: { exclude: 
/^(?:\0|\/?virtual:)/ 
} },
            handler: 
[AsyncFunction: 
handler]
          },
          load: {
            filter: {
              id: [
                /^__vit
e\-browser\-external/,
                /^__vit
e\-optional\-peer\-dep/
              ]
            },
            handler: 
[Function: handler]
          }
        },
        {
          name: 'vite:h
tml-inline-proxy',
          resolveId: {
            filter: { 
id: /[?&]html-proxy\b/ 
},
            handler: 
[Function: handler]
          },
          load: {
            filter: { 
id: /[?&]html-proxy\b/ 
},
            handler: 
[Function: handler]
          }
        },
        {
          name: 
'vite:css',
          buildStart: 
[Function: buildStart],
          buildEnd: 
[Function: buildEnd],
          load: {
            filter: {
              id: /\.(c
ss|less|sass|scss|styl|
stylus|pcss|postcss|sss
)(?:$|\?)/
            },
            handler: 
[AsyncFunction: 
handler]
          },
          transform: {
            filter: {
              id: {
                
include: /\.(css|less|s
ass|scss|styl|stylus|pc
ss|postcss|sss)(?:$|\?)
/,
                
exclude: [
                  
/[?&]commonjs-proxy/,
                  /[?&]
(?:worker|sharedworker|
raw|url)\b/
                ]
              }
            },
            handler: 
[AsyncFunction: 
handler]
          }
        },
        {
          name: 
'vite:esbuild',
          
configureServer: 
[Function: 
configureServer],
          transform: 
[AsyncFunction: 
transform]
        },
        {
          name: 
'vite:json',
          transform: {
            filter: {
              id: {
                
include: /\.json(?:$|\?
)(?!commonjs-(?:proxy|e
xternal))/,
                
exclude: /[?&](?:worker
|sharedworker|raw|url)\
b/
              }
            },
            handler: 
[Function: handler]
          }
        },
        {
          name: 
'vite:wasm-helper',
          resolveId: {
            filter: { 
id: /^ vite\/wasm\-help
er\.js$/ },
            handler: 
[Function: handler]
          },
          load: {
            filter: {
              id: [
                /^ vite
\/wasm\-helper\.js$/,
                /(?<![?
#].*)\.wasm\?init/
              ]
            },
            handler: 
[AsyncFunction: 
handler]
          }
        },
        {
          name: 
'vite:worker',
          buildStart: 
[Function: buildStart],
          load: {
            filter: { 
id: /(?:\?|&)(worker|sh
aredworker)(?:&|$)/ },
            handler: 
[AsyncFunction: 
handler]
          },
          transform: {
            filter: { 
id: /(?:\?|&)worker_fil
e&type=(\w+)(?:&|$)/ },
            handler: 
[AsyncFunction: 
handler]
          },
          renderChunk: 
[Function: 
renderChunk],
          
generateBundle: 
[Function: 
generateBundle],
          watchChange: 
[Function: watchChange]
        },
        {
          name: 
'vite:asset',
          perEnvironmen
tStartEndDuringDev: 
true,
          buildStart: 
[Function: buildStart],
          resolveId: { 
handler: [Function: 
handler] },
          load: {
            filter: { 
id: { exclude: /^\0/ } 
},
            handler: 
[AsyncFunction: 
handler]
          },
          renderChunk: 
[Function: 
renderChunk],
          
generateBundle: 
[Function: 
generateBundle]
        },
        {
          name: 'vite:r
eact-virtual-preamble',
          resolveId: {
            order: 
'pre',
            filter: { 
id: /^@vitejs\/plugin\-
react\/preamble$/ },
            handler: 
[Function: handler]
          },
          load: {
            filter: { 
id: /^ @vitejs\/plugin\
-react\/preamble$/ },
            handler: 
[Function: handler]
          }
        },
        {
          name: 
'vite:wasm-fallback',
          load: { 
filter: { id: 
/\.wasm$/ }, handler: 
[Function: handler] }
        },
        {
          name: 
'vite:define',
          transform: { 
handler: 
[AsyncFunction: 
handler] }
        },
        {
          name: 
'vite:css-post',
          renderStart: 
[Function: 
renderStart],
          transform: {
            filter: {
              id: {
                
include: /\.(css|less|s
ass|scss|styl|stylus|pc
ss|postcss|sss)(?:$|\?)
/,
                
exclude: [
                  
/[?&]commonjs-proxy/,
                  /[?&]
(?:worker|sharedworker|
raw|url)\b/
                ]
              }
            },
            handler: 
[AsyncFunction: 
handler]
          },
          renderChunk: 
[AsyncFunction: 
renderChunk],
          
augmentChunkHash: 
[Function: 
augmentChunkHash],
          
generateBundle: 
[AsyncFunction: 
generateBundle]
        },
        {
          name: 
'vite:build-html',
          transform: {
            filter: { 
id: /\.html$/ },
            handler: 
[AsyncFunction: 
handler]
          },
          
generateBundle: 
[AsyncFunction: 
generateBundle]
        },
        {
          name: 'vite:f
orce-amd-wrap-require',
          renderChunk: 
[Function: renderChunk]
        },
        {
          name: 'vite:f
orce-systemjs-wrap-comp
lete',
          renderChunk: 
[Function: renderChunk]
        },
        {
          name: 
'vite:prepare-out-dir',
          options: 
[Function: options],
          renderStart: 
{ order: 'pre', 
handler: [Function: 
handler] }
        },
        {
          name: 
'commonjs',
          version: 
'29.0.0',
          options: 
[Function: options],
          buildStart: 
[Function: buildStart],
          buildEnd: 
[Function: buildEnd],
          load: 
[AsyncFunction: load],
          shouldTransfo
rmCachedModule: 
[Function: shouldTransf
ormCachedModule],
          transform: 
[Function: transform]
        },
        {
          name: 
'vite:data-uri',
          buildStart: 
[Function: buildStart],
          resolveId: 
[Function: resolveId],
          load: 
[Function: load]
        },
        {
          name: 'vite:d
ynamic-import-vars',
          resolveId: {
            filter: { 
id: /^ vite\/dynamic\-i
mport\-helper\.js$/ },
            handler: 
[Function: handler]
          },
          load: {
            filter: { 
id: /^ vite\/dynamic\-i
mport\-helper\.js$/ },
            handler: 
[Function: handler]
          },
          transform: {
            filter: {
              id: {
                
exclude: /^C:\\Users\\L
uob\\\.gemini\\antigrav
ity\\scratch\\toro\-pdv
\\node_modules\\vite\\d
ist\\client\\client\.mj
s$/
              },
              code: 
/\bimport\s*[(/]/
            },
            handler: 
[AsyncFunction: 
handler]
          }
        },
        {
          name: 
'vite:import-glob',
          buildStart: 
[Function: buildStart],
          transform: {
            filter: { 
code: 
'import.meta.glob' },
            handler: 
[AsyncFunction: 
handler]
          },
          hotUpdate: 
[Function: hotUpdate]
        },
        {
          name: 
'vite-plugin-pwa:info',
          enforce: 
'post',
          resolveId: {
            filter: { 
id: 
/^virtual:pwa\-info$/ 
},
            handler: 
[Function: handler]
          },
          load: {
            filter: { 
id: 
/^ virtual:pwa\-info$/ 
},
            handler: 
[Function: handler]
          }
        },
        {
          name: 'vite-p
lugin-pwa:build',
          enforce: 
'post',
          apply: 
'build',
          
transformIndexHtml: {
            order: 
'post',
            handler: 
[Function: handler],
            enforce: 
'post',
            transform: 
[Function: transform]
          },
          
generateBundle: 
[AsyncFunction: 
generateBundle],
          closeBundle: 
{
            
sequential: true,
            order: 
undefined,
            handler: 
[AsyncFunction: 
handler]
          },
          buildEnd: 
[AsyncFunction: 
buildEnd]
        },
        {
          name: 'vite-p
lugin-pwa:pwa-assets',
          enforce: 
'post',
          
transformIndexHtml: {
            order: 
'post',
            handler: 
[AsyncFunction: 
handler],
            enforce: 
'post',
            transform: 
[AsyncFunction: 
transform]
          },
          resolveId: {
            filter: {
              id: [
                /^virtu
al:pwa\-assets\/head$/,
                /^virtu
al:pwa\-assets\/icons$/
              ]
            },
            handler: 
[Function: handler]
          },
          load: {
            filter: {
              id: [
                /^ virt
ual:pwa\-assets\/head$/
,
                /^ virt
ual:pwa\-assets\/icons$
/
              ]
            },
            handler: 
[AsyncFunction: 
handler]
          },
          
handleHotUpdate: 
[AsyncFunction: 
handleHotUpdate],
          
configureServer: 
[Function: 
configureServer]
        },
        {
          name: 'vite:b
uild-import-analysis',
          resolveId: {
            filter: { 
id: /^ vite\/preload\-h
elper\.js$/ },
            handler: 
[Function: handler]
          },
          load: {
            filter: { 
id: /^ vite\/preload\-h
elper\.js$/ },
            handler: 
[Function: handler]
          },
          transform: {
            filter: { 
code: /import\s*\(/ },
            handler: 
[AsyncFunction: 
handler]
          },
          renderChunk: 
[Function: 
renderChunk],
          
generateBundle: 
[Function: 
generateBundle]
        },
        {
          name: 'vite:e
sbuild-transpile',
          
applyToEnvironment: 
[Function: 
applyToEnvironment],
          renderChunk: 
[AsyncFunction: 
renderChunk]
        },
        {
          name: 
'vite:license',
          
generateBundle: 
[AsyncFunction: 
generateBundle]
        },
        {
          name: 
'vite:reporter',
          
sharedDuringBuild: 
true,
          perEnvironmen
tStartEndDuringDev: 
true,
          transform: 
[Function: transform],
          buildStart: 
[Function: buildStart],
          buildEnd: 
[Function: buildEnd],
          renderStart: 
[Function: 
renderStart],
          renderChunk: 
[Function: 
renderChunk],
          
generateBundle: 
[Function: 
generateBundle],
          writeBundle: 
[AsyncFunction: 
writeBundle]
        },
        {
          name: 
'vite:load-fallback',
          load: { 
handler: 
[AsyncFunction: 
handler] }
        }
      ]
    }
  },
  resolve: {
    
externalConditions: [ 
'node', 'module-sync' 
],
    extensions: [
      '.mjs',  '.js',
      '.mts',  '.ts',
      '.jsx',  '.tsx',
      '.json'
    ],
    dedupe: [],
    noExternal: [],
    external: [],
    preserveSymlinks: 
false,
    alias: [
      {
        find: 
/^\/?@vite\/env/,
        replacement: '/
@fs/C:/Users/Luob/.gemi
ni/antigravity/scratch/
toro-pdv/node_modules/v
ite/dist/client/env.mjs
'
      },
      {
        find: 
/^\/?@vite\/client/,
        replacement: '/
@fs/C:/Users/Luob/.gemi
ni/antigravity/scratch/
toro-pdv/node_modules/v
ite/dist/client/client.
mjs'
      }
    ],
    mainFields: [ 
'browser', 'module', 
'jsnext:main', 
'jsnext' ],
    conditions: [ 
'module', 'browser', 'd
evelopment|production' 
],
    builtins: []
  },
  configFile: 'C:/Users
/Luob/.gemini/antigravi
ty/scratch/toro-pdv/vit
e.config.js',
  configFileDependencie
s: [
    'C:/Users/Luob/.gem
ini/antigravity/scratch
/toro-pdv/vite.config.j
s'
  ],
  inlineConfig: {
    root: undefined,
    base: undefined,
    mode: undefined,
    configFile: 
undefined,
    configLoader: 
undefined,
    logLevel: 
undefined,
    clearScreen: 
undefined,
    build: {}
  },
  root: 'C:/Users/Luob/
.gemini/antigravity/scr
atch/toro-pdv',
  base: '/',
  decodedBase: '/',
  rawBase: '/',
  publicDir: 'C:/Users/
Luob/.gemini/antigravit
y/scratch/toro-pdv/publ
ic',
  cacheDir: 'C:/Users/L
uob/.gemini/antigravity
/scratch/toro-pdv/node_
modules/.vite',
  command: 'build',
  mode: 'production',
  isWorker: false,
  mainConfig: null,
  bundleChain: [],
  isProduction: true,
  json: { 
namedExports: true, 
stringify: 'auto' },
  builder: undefined,
  preview: {
    port: 4173,
    strictPort: true,
    host: undefined,
    allowedHosts: [],
    https: undefined,
    open: false,
    proxy: undefined,
    cors: {
      origin: /^https?:
\/\/(?:(?:[^:]+\.)?loca
lhost|127\.0\.0\.1|\[::
1\])(?::\d+)?$/
    },
    headers: {}
  },
  envDir: 'C:/Users/Luo
b/.gemini/antigravity/s
cratch/toro-pdv',
  env: { BASE_URL: 
'/', MODE: 
'production', DEV: 
false, PROD: true },
  assetsInclude: 
[Function: 
assetsInclude],
  logger: {
[36mvite v7.3.1 [32mbuilding client environment for production...[36m[39m
    hasWarned: false,
    info: [Function: 
info],
    warn: [Function: 
warn],
    warnOnce: 
[Function: warnOnce],
    error: [Function: 
error],
    clearScreen: 
[Function: 
clearScreen],
    hasErrorLogged: 
[Function: 
hasErrorLogged]
  },
  packageCache: Map(1) 
{
    'fnpd_C:/Users/Luob
/.gemini/antigravity/sc
ratch/toro-pdv' => {
      dir: 'C:/Users/Lu
ob/.gemini/antigravity/
scratch/toro-pdv',
      data: {
        name: 
'caramelo-pdv',
        private: true,
        version: 
'1.0.0',
        type: 'module',
        scripts: {
          dev: 'vite',
          build: 'vite 
build',
          lint: 
'eslint .',
          preview: 
'vite preview'
        },
        dependencies: {
          firebase: 
'^12.8.0',
          jsbarcode: 
'^3.12.3',
          react: 
'^19.2.0',
          'react-dom': 
'^19.2.0',
          
'react-icons': 
'^5.5.0',
          
'react-router-dom': 
'^7.13.0',
          recharts: 
'^3.7.0'
        },
        
devDependencies: {
          
'@eslint/js': 
'^9.39.1',
          
'@types/react': 
'^19.2.5',
          
'@types/react-dom': 
'^19.2.3',
          '@vitejs/plug
in-react': '^5.1.1',
          
autoprefixer: 
'^10.4.23',
          eslint: 
'^9.39.1',
          'eslint-plugi
n-react-hooks': 
'^7.0.1',
          'eslint-plugi
n-react-refresh': 
'^0.4.24',
          
'firebase-tools': 
'^15.4.0',
          globals: 
'^16.5.0',
          postcss: 
'^8.5.6',
          tailwindcss: 
'^3.4.17',
          vite: 
'^7.2.4',
          
'vite-plugin-pwa': 
'^1.2.0'
        }
      },
      hasSideEffects: 
[Function: 
hasSideEffects],
      
setResolvedCache: 
[Function: 
setResolvedCache],
      
getResolvedCache: 
[Function: 
getResolvedCache]
    },
    set: [Function 
(anonymous)]
  },
  worker: { format: 
'iife', plugins: '() 
=> plugins', 
rollupOptions: {} },
  appType: 'spa',
  experimental: {
    importGlobRestoreEx
tension: false,
    renderBuiltUrl: 
undefined,
    hmrPartialAccept: 
false
  },
  future: undefined,
  dev: {
    warmup: [],
    sourcemap: { js: 
true },
    
sourcemapIgnoreList: 
[Function: 
isInNodeModules],
    
preTransformRequests: 
false,
    createEnvironment: 
[Function: defaultCreat
eDevEnvironment],
    recoverable: false,
    
moduleRunnerTransform: 
false
  },
  webSocketToken: 
'vC0TpPfKfE--',
  getSortedPlugins: 
[Function: 
getSortedPlugins],
  
getSortedPluginHooks: 
[Function: 
getSortedPluginHooks],
  createResolver: 
[Function: 
createResolver],
  fsDenyGlob: 
[Function: 
arrayMatcher],
  safeModulePaths: 
Set(0) {},
  Symbol(vite:resolved-
config): true
}
transforming...
[32mÔ£ô[39m 85 modules transformed.
[31mÔ£ù[39m Build 
failed in 950ms
[31merror during 
build:
[31m[vite-plugin-pwa:b
uild] [plugin 
vite-plugin-pwa:build] 
src/pages/POS.jsx: 
There was an error 
during the build:
  Could not resolve "..
/components/CustomerFor
mModal" from 
"src/pages/POS.jsx"
Additionally, handling 
the error in the 
'buildEnd' hook caused 
the following error:
  Could not resolve "..
/components/CustomerFor
mModal" from "src/pages
/POS.jsx"[31m
file: [36mC:/Users/Luo
b/.gemini/antigravity/s
cratch/toro-pdv/src/pag
es/POS.jsx[31m
    at getRollupError (
file:///C:/Users/Luob/.
gemini/antigravity/scra
tch/toro-pdv/node_modul
es/rollup/dist/es/share
d/parseAst.js:402:41)
    at file:///C:/Users
/Luob/.gemini/antigravi
ty/scratch/toro-pdv/nod
e_modules/rollup/dist/e
s/shared/node-entry.js:
23467:39
    at async catchUnfin
ishedHookActions (file:
///C:/Users/Luob/.gemin
i/antigravity/scratch/t
oro-pdv/node_modules/ro
llup/dist/es/shared/nod
e-entry.js:22925:16)
    at async 
rollupInternal (file://
/C:/Users/Luob/.gemini/
antigravity/scratch/tor
o-pdv/node_modules/roll
up/dist/es/shared/node-
entry.js:23450:5)
    at async 
buildEnvironment (file:
///C:/Users/Luob/.gemin
i/antigravity/scratch/t
oro-pdv/node_modules/vi
te/dist/node/chunks/con
fig.js:33541:12)
    at async 
Object.build (file:///C
:/Users/Luob/.gemini/an
tigravity/scratch/toro-
pdv/node_modules/vite/d
ist/node/chunks/config.
js:33900:19)
    at async 
Object.buildApp (file:/
//C:/Users/Luob/.gemini
/antigravity/scratch/to
ro-pdv/node_modules/vit
e/dist/node/chunks/conf
ig.js:33897:153)
    at async 
CAC.<anonymous> (file:/
//C:/Users/Luob/.gemini
/antigravity/scratch/to
ro-pdv/node_modules/vit
e/dist/node/cli.js:629:
3)[39m
